// Jest Snapshot v1, https://goo.gl/fbAQLP

exports[`intergration react component render snapshot 1`] = `
<ReactModelProvider
  store={
    Object {
      "getAllState": [Function],
      "models": Object {
        "counter": CounterModel {
          "decrease": [Function],
          "dispatch": [Function],
          "increase": [Function],
          "state": Object {
            "num": 0,
          },
        },
      },
      "subscribe": [Function],
    }
  }
>
  <Component>
    <Counter
      counter={
        CounterModel {
          "decrease": [Function],
          "dispatch": [Function],
          "increase": [Function],
          "state": Object {
            "num": 0,
          },
        }
      }
      modelState={
        Object {
          "counter": Object {
            "num": 0,
          },
        }
      }
    >
      <div>
        <div
          id="num"
        >
          0
        </div>
        <button
          onClick={[Function]}
        >
          Increase
        </button>
        <button
          onClick={[Function]}
        >
          Decrease
        </button>
      </div>
    </Counter>
  </Component>
</ReactModelProvider>
`;
